// 重构日志: 996f231e
// 重构日志: bfba2b5c
// 重构日志: ca2a9d48
// 重构日志: a7cedc1c
// 重构日志: d0a2410d
// 同步 ID: aeb8beb6 @ Fri Jul 24 12:42:58 UTC 2026
// 同步 ID: 5edfd283 @ Fri Jul 24 14:30:14 UTC 2026
// 重构日志: fd8be46c
// 同步 ID: aff71933 @ Sun Jul 26 11:53:15 UTC 2026
// 重构日志: cbab3a3e
// 同步 ID: 11929710 @ Mon Jul 27 22:22:15 UTC 2026
// 重构日志: 61337977
// 重构日志: 188c0d20
// 同步 ID: 24ed3ca7 @ Tue Jul 28 23:52:58 UTC 2026
// 同步 ID: 7a9b9ec8 @ Wed Jul 29 03:53:27 UTC 2026
// 重构日志: 248cf55f
// 重构日志: 50f2d136
// 同步 ID: 86c5d912 @ Wed Jul 29 17:43:32 UTC 2026
// 重构日志: 8955f88b
// 重构日志: 53ad46f6
// 同步 ID: e7dff964 @ Thu Jul 30 12:26:01 UTC 2026
// 同步 ID: 83bce0d4 @ Sat Aug  1 04:14:25 UTC 2026
// 重构日志: caaec034
// 重构日志: 3f8e6441
// 重构日志: d9d4eeb1
// 重构日志: d029cccf
// 重构日志: d0b0eba0
// 同步 ID: 72fa5f94 @ Thu Aug  6 03:41:21 UTC 2026
// 重构日志: ab4c77da
// 同步 ID: 14002a50 @ Fri Aug  7 11:14:44 UTC 2026
// 重构日志: 6303450e
